12:51:51.644  started; 2 binding(s), targets=''
12:51:51.653  monitor: Dell G3223Q (DP)  [\\.\DISPLAY1]
12:51:51.653  monitor: HP Z27s IPS UHD Display  [\\.\DISPLAY2]
12:51:51.713  resync: display powered on
12:51:51.843  rescan: 2 physical monitor(s)
12:55:58.762  system suspending
12:55:58.762  resync: system suspending
12:55:58.767  rescan: 2 physical monitor(s)
12:55:59.952  vcp 0x10 recovered on Dell G3223Q (DP) after 1 failure(s)
12:56:06.936  resync: power mode resume
12:56:06.946  resync: system resumed
12:56:07.205  rescan: 2 physical monitor(s)
12:56:07.206  resync: system resumed
12:56:07.208  resync: display powered on
12:56:07.416  rescan: 2 physical monitor(s)
12:56:08.614  vcp 0x10 recovered on Dell G3223Q (DP) after 1 failure(s)
12:56:19.744  resync: session SessionUnlock
12:56:19.748  rescan: 2 physical monitor(s)
13:47:33.537  resync: display powered on
13:47:33.552  rescan: 2 physical monitor(s)
13:47:34.873  vcp 0x10 recovered on Dell G3223Q (DP) after 1 failure(s)
15:17:45.055  resync: display powered on
15:17:45.071  rescan: 2 physical monitor(s)
16:34:47.790  system suspending
16:34:47.790  resync: system suspending
16:34:47.793  rescan: 2 physical monitor(s)
16:34:48.977  vcp 0x10 recovered on Dell G3223Q (DP) after 1 failure(s)
20:56:37.180  resync: power mode resume
20:56:37.182  resync: system resumed
20:56:37.354  rescan: 2 physical monitor(s)
20:56:37.372  resync: system resumed
20:56:37.373  resync: display powered on
20:56:37.498  rescan: 2 physical monitor(s)
20:56:39.761  vcp 0x10 recovered on Dell G3223Q (DP) after 2 failure(s)
20:56:42.264  resync: session SessionUnlock
20:56:42.267  rescan: 2 physical monitor(s)
